[www.lithan.com/singapore/index.html]
[backblue.gif]
[fade.gif]
[index.html]
[www.lithan.com/Lithan-theme/css/aui33d7.css]
[www.lithan.com/html/css/main1436.css]
[www.lithan.com/html/portlet/journal_content/css/main3c05.css]
[www.lithan.com/html/portlet/journal/css/main3c05.css]
[www.lithan.com/notifications-portlet/notifications/css/main14e3.css]
[www.lithan.com/html/portlet/login/css/main3c05.css]
[www.google-analytics.com/analytics.js]
[www.lithan.com/html/js/sp/pure_javascript_functions1089.js]
[www.lithan.com/html/js/sp/tags_selector1089.js]
[www.lithan.com/html/js/sp/categories_selector1089.js]
[www.lithan.com/html/js/sp/ninjaVideoPlugin1089.js]
[www.lithan.com/html/css/sp/ninja-slider.css]
[www.lithan.com/html/js/sp/ninja-slider1089.js]
[www.lithan.com/html/portlet/journal/js/mainb924.js]
[www.lithan.com/html/portlet/journal/js/navigationb924.js]
[www.lithan.com/Lithan-theme/css/main33d7.css]
[www.lithan.com/Lithan-theme/css/sp/sp_custom.css]
[www.lithan.com/singapore/welcomea537.html]
[www.lithan.com/Lithan-theme/images/menu/LithanHall_Logo2Footer.png]
[www.lithan.com/singapore/welcome348a.html]
[www.lithan.com/singapore/catalog.html]
[www.lithan.com/singapore/lithan-enterprises.html]
[www.lithan.com/singapore/products.html]
[www.lithan.com/Lithan-theme/images/spacer.png]
[www.lithan.com/sprite/html/icons/_sprite.png]
[www.lithan.com/singapore/catalog1207.html]
[www.lithan.com/singapore/catalog8a89.html]
[www.lithan.com/singapore/catalogba1a.html]
[www.lithan.com/singapore/catalog3cfb.html]
[www.lithan.com/singapore/cataloga9fc.html]
[www.lithan.com/singapore/catalog5da7.html]
[www.lithan.com/singapore/products/-/product/detail/view9255.html]
[www.lithan.com/singapore/testimonials.html]
[www.lithan.com/singapore/admissions.html]
[www.lithan.com/singapore/faq.html]
[www.lithan.com/singapore/career-services.html]
[www.lithan.com/singapore/local_events.html]
[www.lithan.com/singapore/facilities.html]
[www.lithan.com/singapore/about.html]
[www.lithan.com/singapore/careersatlithan.html]
[www.lithan.com/singapore/press.html]
[www.lithan.com/singapore/privacy-policy.html]
[www.lithan.com/singapore/terms-of-use.html]
[www.lithan.com/Lithan-theme/images/menu/LithanHall_Footer_linkedin.jpg]
[www.lithan.com/Lithan-theme/images/menu/LithanHall_Footer_twitter.jpg]
[www.lithan.com/Lithan-theme/images/menu/LithanHall_Footer_fb.jpg]
[www.lithan.com/Lithan-theme/images/menu/LithanHall_Footer_Youtube.png]
[www.lithan.com/Lithan-theme/js/mobile-menu.js]
[www.lithan.com/notifications-portlet/notifications/js/main6543.js]
[www.lithan.com/Lithan-theme/js/mainf8e1.js]
[www.lithan.com/singapore/index.html]
[www.lithan.com/Lithan-theme/css/aui/alloy-font-awesome/font/fontawesome-alloy.eot]
[www.lithan.com/Lithan-theme/css/aui/alloy-font-awesome/font/fontawesome-alloyd41d.eot]
[www.lithan.com/Lithan-theme/css/aui/alloy-font-awesome/font/fontawesome-alloy.woff]
[www.lithan.com/Lithan-theme/css/aui/alloy-font-awesome/font/fontawesome-alloy.ttf]
[www.lithan.com/Lithan-theme/images/aui/glyphicons-halflings.png]
[www.lithan.com/Lithan-theme/images/aui/glyphicons-halflings-white.png]
[www.lithan.com/Lithan-theme/images/aui/loading_indicator.gif]
[www.lithan.com/Lithan-theme/css/aui33d7.css]
[www.lithan.com/html/css/portal/aui_deprecated1436.css]
[www.lithan.com/html/css/portal_11436.css]
[www.lithan.com/html/css/portal_21436.css]
[www.lithan.com/html/css/taglib_11436.css]
[www.lithan.com/html/css/taglib_21436.css]
[www.lithan.com/html/css/portal/accessibility1436.css]
[www.lithan.com/html/css/main1436.css]
[www.lithan.com/html/portlet/journal_content/css/main3c05.css]
[www.lithan.com/Lithan-theme/images/common/delete.png]
[www.lithan.com/Lithan-theme/images/common/download.png]
[www.lithan.com/Lithan-theme/images/common/time.png]
[www.lithan.com/Lithan-theme/images/common/permissions.png]
[www.lithan.com/Lithan-theme/images/common/preview.png]
[www.lithan.com/Lithan-theme/images/common/history.png]
[www.lithan.com/Lithan-theme/images/file_system/small/html.png]
[www.lithan.com/Lithan-theme/images/common/folder.png]
[www.lithan.com/Lithan-theme/images/messages/error.png]
[www.lithan.com/Lithan-theme/images/journal/form_builder_bg.png]
[www.lithan.com/Lithan-theme/images/application/handle_sort_vertical.png]
[www.lithan.com/Lithan-theme/images/journal/form_builder_close.png]
[www.lithan.com/Lithan-theme/images/journal/text_field.png]
[www.lithan.com/Lithan-theme/images/journal/textbox.png]
[www.lithan.com/Lithan-theme/images/journal/textarea.png]
[www.lithan.com/Lithan-theme/images/journal/image_uploader.png]
[www.lithan.com/Lithan-theme/images/journal/document_library.png]
[www.lithan.com/Lithan-theme/images/journal/checkbox.png]
[www.lithan.com/Lithan-theme/images/journal/options.png]
[www.lithan.com/Lithan-theme/images/journal/selectbox.png]
[www.lithan.com/Lithan-theme/images/journal/multiselection_list.png]
[www.lithan.com/Lithan-theme/images/journal/link_to_page.png]
[www.lithan.com/Lithan-theme/images/journal/form_group.png]
[www.lithan.com/Lithan-theme/images/journal/selection_break.png]
[www.lithan.com/Lithan-theme/images/application/forbidden_action.png]
[www.lithan.com/Lithan-theme/images/portlet/pop_up.png]
[www.lithan.com/html/portlet/journal/css/main3c05.css]
[www.lithan.com/notifications-portlet/notifications/css/main14e3.css]
[www.lithan.com/Lithan-theme/images/login/facebook_login_button.png]
[www.lithan.com/html/portlet/login/css/main3c05.css]
[www.lithan.com/html/portlet/login/images/socialIconsVertical.png]
[www.lithan.com/html/css/sp/ninja-slider.css]
[www.lithan.com/Lithan-theme/css/base33d7.css]
[www.lithan.com/Lithan-theme/css/application33d7.css]
[www.lithan.com/Lithan-theme/css/layout33d7.css]
[www.lithan.com/Lithan-theme/css/dockbar33d7.css]
[www.lithan.com/Lithan-theme/css/navigation33d7.css]
[www.lithan.com/Lithan-theme/css/portlet33d7.css]
[www.lithan.com/Lithan-theme/css/extras33d7.css]
[www.lithan.com/Lithan-theme/css/custom33d7.css]
[www.lithan.com/Lithan-theme/css/animate33d7.css]
[www.lithan.com/Lithan-theme/css/fonts33d7.css]
[www.lithan.com/Lithan-theme/css/sp/sp33d7.css]
[www.lithan.com/Lithan-theme/css/main33d7.css]
[www.lithan.com/Lithan-theme/css/video-js33d7.css]
[www.lithan.com/Menarini-theme/images/menu/Notification.png]
[www.lithan.com/Lithan-theme/images/Preloader_2.gif]
[www.lithan.com/Lithan-theme/images/icons/dragdroparea.png]
[www.lithan.com/Lithan-theme/images/arrows/menuDropDownIcon.png]
[www.lithan.com/Lithan-theme/css/sp/sp_custom.css]
[www.lithan.com/singapore/welcome.html]
[www.lithan.com/singapore/welcomea537.html]
[www.lithan.com/singapore/welcome49ea.html]
[www.lithan.com/singapore/welcome25c9.html]
[www.lithan.com/singapore/welcome348a.html]
[www.lithan.com/SPLinkedFilterSearch-portlet/css/main2d8a.css]
[www.lithan.com/singapore/catalog348a.html]
[www.lithan.com/SPLinkedFilterSearch-portlet/icon.png]
[www.lithan.com/SPLinkedFilterSearch-portlet/js/linkedSearch.js]
[www.lithan.com/singapore/catalog64a6.html]
[www.lithan.com/singapore/catalog.html]
[www.lithan.com/SPLinkedFilterSearch-portlet/js/main02ee.js]
[www.lithan.com/singapore/lithan-enterprises348a.html]
[www.lithan.com/singapore/img/icons/loader.GIF]
[www.lithan.com/singapore/lithan-enterprises.html]
[www.lithan.com/SPProduct-portlet/css/main2d8a.css]
[www.lithan.com/singapore/products348a.html]
[www.lithan.com/SPProduct-portlet/icon.png]
[www.lithan.com/singapore/products3f0b]
[www.lithan.com/SPProduct-portlet/js/main02ee.js]
[www.lithan.com/singapore/products.html]
[www.lithan.com/singapore/catalog1207.html]
[www.lithan.com/singapore/catalog8a89.html]
[www.lithan.com/singapore/catalogba1a.html]
[www.lithan.com/singapore/catalog3cfb.html]
[www.lithan.com/singapore/cataloga9fc.html]
[www.lithan.com/singapore/catalog5da7.html]
[www.lithan.com/singapore/products/-/product/detail/view4f6d.html]
[www.lithan.com/singapore/products/-/product/detail/view9255.html]
[www.lithan.com/singapore/testimonials348a.html]
[www.lithan.com/singapore/documents/12720/20106/Video17b254.jpg]
[www.lithan.com/documents/12720/20106/Video185d5e.jpg]
[www.lithan.com/documents/12720/20106/Video19506f.jpg]
[www.lithan.com/documents/12720/20106/Video201731.jpg]
[www.lithan.com/documents/12720/20106/Video211ffc.jpg]
[www.lithan.com/documents/12720/20106/Video22288d.jpg]
[www.lithan.com/documents/12720/20106/Video23e14c.jpg]
[www.lithan.com/documents/12720/20106/Video2444df.jpg]
[www.lithan.com/documents/12720/20106/Video25bf1f.jpg]
[www.lithan.com/documents/12720/20106/Video26a0d6.jpg]
[www.lithan.com/documents/12720/20106/Video2745be.jpg]
[www.lithan.com/documents/12720/20106/Video28d421.jpg]
[www.lithan.com/documents/12720/20106/Video29dbdf.jpg]
[www.lithan.com/documents/12720/20106/Video3073f8.jpg]
[www.lithan.com/documents/12720/20106/Video31d577.jpg]
[www.lithan.com/documents/12720/20106/Video32c01b.jpg]
[www.lithan.com/singapore/testimonials.html]
[www.lithan.com/singapore/admissions348a.html]
[www.lithan.com/singapore/admissions.html]
[www.lithan.com/singapore/faq348a.html]
[www.lithan.com/singapore/faq.html]
[www.lithan.com/singapore/career-services348a.html]
[www.lithan.com/singapore/career-services.html]
[www.lithan.com/singapore/local_events348a.html]
[www.lithan.com/singapore/local_events.html]
[www.lithan.com/singapore/facilities348a.html]
[www.lithan.com/singapore/facilities.html]
[www.lithan.com/singapore/about348a.html]
[www.lithan.com/singapore/about.html]
[www.lithan.com/singapore/careersatlithan348a.html]
[www.lithan.com/documents/12720/102808/Box16221.png]
[www.lithan.com/documents/12720/102808/Box20509.png]
[www.lithan.com/documents/12720/102808/Box3bab4.png]
[www.lithan.com/singapore/careersatlithan.html]
[www.lithan.com/singapore/press348a.html]
[www.lithan.com/documents/12720/16508/WDAarticle_big1ed85.jpg]
[www.lithan.com/singapore/press.html]
[www.lithan.com/singapore/privacy-policy348a.html]
[www.lithan.com/singapore/privacy-policy.html]
[www.lithan.com/singapore/terms-of-use348a.html]
[www.lithan.com/singapore/terms-of-use.html]
[www.lithan.com/Lithan-theme/css/aui/alloy-font-awesome/font/fontawesome-alloy.svg]
[www.lithan.com/Lithan-theme/images/aui/common/state_default_bg.png]
[www.lithan.com/Lithan-theme/images/aui/common/state_hover_bg.png]
[www.lithan.com/Lithan-theme/images/aui/common/state_active_bg.png]
[www.lithan.com/Lithan-theme/images/aui/common/state_selected_hover.png]
[www.lithan.com/html/css/portal/aui_deprecated1436.css]
[www.lithan.com/html/css/portal/add_content1436.css]
[www.lithan.com/html/css/portal/asset_category_selector1436.css]
[www.lithan.com/html/css/portal/asset_column1436.css]
[www.lithan.com/html/css/portal/auto_row1436.css]
[www.lithan.com/html/css/portal/device_preview1436.css]
[www.lithan.com/html/css/portal/edit_layout1436.css]
[www.lithan.com/html/css/portal/flyout1436.css]
[www.lithan.com/html/css/portal/forms1436.css]
[www.lithan.com/html/css/portal/generic_portal1436.css]
[www.lithan.com/html/css/portal/generic_portlet1436.css]
[www.lithan.com/html/css/portal/header_row1436.css]
[www.lithan.com/html/css/portal/javascript_template1436.css]
[www.lithan.com/html/css/portal/notifications1436.css]
[www.lithan.com/html/css/portal/openid1436.css]
[www.lithan.com/html/css/portal/page_settings1436.css]
[www.lithan.com/html/css/portal/panel_component1436.css]
[www.lithan.com/html/css/portal/panel_page1436.css]
[www.lithan.com/html/css/portal_11436.css]
[www.lithan.com/html/css/portal/pagination1436.css]
[www.lithan.com/html/css/portal/panel_pagination1436.css]
[www.lithan.com/html/css/portal/portlet_css_editor1436.css]
[www.lithan.com/html/css/portal/portlet_item1436.css]
[www.lithan.com/html/css/portal/position_helper1436.css]
[www.lithan.com/html/css/portal/preview1436.css]
[www.lithan.com/html/css/portal/rich_editor1436.css]
[www.lithan.com/html/css/portal/search_combobox1436.css]
[www.lithan.com/html/css/portal/separator1436.css]
[www.lithan.com/html/css/portal/tag_selector1436.css]
[www.lithan.com/html/css/portal/toolbar1436.css]
[www.lithan.com/html/css/portal/translation_manager1436.css]
[www.lithan.com/html/css/portal/tree1436.css]
[www.lithan.com/html/css/portal/undo_manager1436.css]
[www.lithan.com/html/css/portal/uploader1436.css]
[www.lithan.com/html/css/portal_21436.css]
[www.lithan.com/html/css/taglib/app_view_common1436.css]
[www.lithan.com/html/css/taglib/app_view_entry1436.css]
[www.lithan.com/html/css/taglib/app_view_navigation_item1436.css]
[www.lithan.com/html/css/taglib/app_view_search_entry1436.css]
[www.lithan.com/html/css/taglib/app_view_toolbar1436.css]
[www.lithan.com/html/css/taglib/asset_categories_summary1436.css]
[www.lithan.com/html/css/taglib/asset_links1436.css]
[www.lithan.com/html/css/taglib/button1436.css]
[www.lithan.com/html/css/taglib/calendar1436.css]
[www.lithan.com/html/css/taglib/captcha1436.css]
[www.lithan.com/html/css/taglib/categorization_filter1436.css]
[www.lithan.com/html/css/taglib/ddm_template1436.css]
[www.lithan.com/html/css/taglib/diff1436.css]
[www.lithan.com/html/css/taglib/diff_html1436.css]
[www.lithan.com/html/css/taglib/discussion1436.css]
[www.lithan.com/html/css/taglib/flags1436.css]
[www.lithan.com/html/css/taglib/form_navigator1436.css]
[www.lithan.com/html/css/taglib/header1436.css]
[www.lithan.com/html/css/taglib/icon1436.css]
[www.lithan.com/html/css/taglib/icon_help1436.css]
[www.lithan.com/html/css/taglib/icon_list1436.css]
[www.lithan.com/html/css/taglib/icon_menu1436.css]
[www.lithan.com/html/css/taglib/input_localized1436.css]
[www.lithan.com/html/css/taglib/input_move_boxes1436.css]
[www.lithan.com/html/css/taglib_11436.css]
[www.lithan.com/html/css/taglib/input_repeat1436.css]
[www.lithan.com/html/css/taglib/language1436.css]
[www.lithan.com/html/css/taglib/logo_selector1436.css]
[www.lithan.com/html/css/taglib/navbar1436.css]
[www.lithan.com/html/css/taglib/preview1436.css]
[www.lithan.com/html/css/taglib/ratings1436.css]
[www.lithan.com/html/css/taglib/rss_settings1436.css]
[www.lithan.com/html/css/taglib/search_container1436.css]
[www.lithan.com/html/css/taglib/search_iterator1436.css]
[www.lithan.com/html/css/taglib/search_toggle1436.css]
[www.lithan.com/html/css/taglib/sites_directory1436.css]
[www.lithan.com/html/css/taglib/social_activities1436.css]
[www.lithan.com/html/css/taglib/social_bookmarks1436.css]
[www.lithan.com/html/css/taglib/tags_summary1436.css]
[www.lithan.com/html/css/taglib/trash_common1436.css]
[www.lithan.com/html/css/taglib/user_display1436.css]
[www.lithan.com/html/css/taglib/webdav1436.css]
[www.lithan.com/html/css/taglib/workflow_status1436.css]
[www.lithan.com/html/css/taglib_21436.css]
[www.lithan.com/html/css/portal/accessibility1436.css]
[www.lithan.com/html/css/sp/video-btn.html]
[www.lithan.com/Lithan-theme/images/progress_bar/loading_animation.gif]
[www.lithan.com/Lithan-theme/css/base33d7.css]
[www.lithan.com/Lithan-theme/images/common/message_panel_shadow.png]
[www.lithan.com/Lithan-theme/images/application/panel_header_bg.png]
[www.lithan.com/Lithan-theme/images/application/menu_bg.png]
[www.lithan.com/Lithan-theme/images/portlet/header_bg.png]
[www.lithan.com/Lithan-theme/images/application/paginator_link_current_bg.png]
[www.lithan.com/Lithan-theme/images/arrows/paging_first.png]
[www.lithan.com/Lithan-theme/images/arrows/paging_previous.png]
[www.lithan.com/Lithan-theme/images/arrows/paging_last.png]
[www.lithan.com/Lithan-theme/images/arrows/paging_next.png]
[www.lithan.com/Lithan-theme/images/message_boards/quoteleft.png]
[www.lithan.com/Lithan-theme/images/message_boards/quoteright.png]
[www.lithan.com/Lithan-theme/images/common/edit_white.png]
[www.lithan.com/Lithan-theme/css/application33d7.css]
[www.lithan.com/Lithan-theme/css/layout33d7.css]
[www.lithan.com/Lithan-theme/css/dockbar33d7.css]
[www.lithan.com/Lithan-theme/images/arrows/04_right.png]
[www.lithan.com/Lithan-theme/images/application/button_bg.png]
[www.lithan.com/Lithan-theme/images/application/button_bg_over.png]
[www.lithan.com/Lithan-theme/images/application/button_bg_selected.png]
[www.lithan.com/Lithan-theme/images/application/button_bg_selected_over.png]
[www.lithan.com/Lithan-theme/images/common/configuration.png]
[www.lithan.com/Lithan-theme/css/navigation33d7.css]
[www.lithan.com/Lithan-theme/images/common/check.png]
[www.lithan.com/Lithan-theme/images/arrows/12_left.png]
[www.lithan.com/Lithan-theme/images/portlet/options_borderless.png]
[www.lithan.com/Lithan-theme/images/common/add_white.png]
[www.lithan.com/Lithan-theme/images/common/edit_template_white.png]
[www.lithan.com/Lithan-theme/images/common/configuration_white.png]
[www.lithan.com/Lithan-theme/images/portlet/close_borderless.png]
[www.lithan.com/Lithan-theme/images/portlet/draggable_borderless.png]
[www.lithan.com/Lithan-theme/images/messages/alert.png]
[www.lithan.com/Lithan-theme/images/messages/info.png]
[www.lithan.com/Lithan-theme/images/portlet/help.png]
[www.lithan.com/Lithan-theme/images/messages/success.png]
[www.lithan.com/Lithan-theme/images/common/guest_icon.png]
[www.lithan.com/Lithan-theme/images/common/user_icon.png]
[www.lithan.com/Lithan-theme/images/common/site_icon.png]
[www.lithan.com/Lithan-theme/images/common/organization_icon.png]
[www.lithan.com/Lithan-theme/images/common/team_icon.png]
[www.lithan.com/Lithan-theme/images/arrows/07_down.png]
[www.lithan.com/Lithan-theme/css/portlet33d7.css]
[www.lithan.com/Lithan-theme/css/extras33d7.css]
[www.lithan.com/Lithan-theme/css/custom_common33d7.css]
[www.lithan.com/Lithan-theme/css/custom33d7.css]
[www.lithan.com/Lithan-theme/images/common/key.png]
[www.lithan.com/Lithan-theme/css/animate33d7.css]
[www.lithan.com/Lithan-theme/css/font/fontawesome-webfont93e3.eot]
[www.lithan.com/Lithan-theme/css/font/fontawesome-webfontd41d.eot]
[www.lithan.com/Lithan-theme/css/font/fontawesome-webfont93e3.ttf]
[www.lithan.com/Lithan-theme/css/fonts33d7.css]
[www.lithan.com/Lithan-theme/css/sp/sp33d7.css]
[www.lithan.com/Lithan-theme/css/video-js33d7.css]
[www.lithan.com/Lithan-theme/css/img/icons/loader.html]
[www.lithan.com/Lithan-theme/css/images/Lithan_product/Active_arrow.html]
[www.lithan.com/Lithan-theme/css/images/careergenie/bg_slash_pillars.html]
[www.lithan.com/Lithan-theme/css/images/careergenie/bg_slash_systems_mgmt.html]
[www.lithan.com/singapore/welcome.html]
[www.lithan.com/singapore/welcome49ea.html]
[www.lithan.com/singapore/welcomee525.html]
[www.lithan.com/singapore/welcomeef40.html]
[www.lithan.com/singapore/welcome25c9.html]
[www.lithan.com/SPLinkedFilterSearch-portlet/css/main2d8a.css]
[www.lithan.com/singapore/catalog49ea.html]
[www.lithan.com/singapore/catalog25c9.html]
[www.lithan.com/singapore/catalog348a.html]
[www.lithan.com/singapore/catalog64a6.html]
[www.lithan.com/singapore/lithan-enterprises49ea.html]
[www.lithan.com/singapore/lithan-enterprises25c9.html]
[www.lithan.com/singapore/lithan-enterprises348a.html]
[www.lithan.com/singapore/img/icons/loader.html]
[www.lithan.com/SPProduct-portlet/css/Products2d8a.css]
[www.lithan.com/SPProduct-portlet/css/main2d8a.css]
[www.lithan.com/SPProduct-portlet/css/Mobile_product2d8a.css]
[www.lithan.com/singapore/products49ea.html]
[www.lithan.com/singapore/products25c9.html]
[www.lithan.com/singapore/products348a.html]
[www.lithan.com/singapore/products3f0b.html]
[www.lithan.com/singapore/products/-/product/detail/view4f6d.html]
[www.lithan.com/singapore/testimonials49ea.html]
[www.lithan.com/singapore/testimonials25c9.html]
[www.lithan.com/singapore/testimonials348a.html]
[www.lithan.com/singapore/documents/12720/20106/Video17b254.html]
[www.lithan.com/singapore/admissions49ea.html]
[www.lithan.com/singapore/admissions25c9.html]
[www.lithan.com/singapore/admissions348a.html]
[www.lithan.com/singapore/faq49ea.html]
[www.lithan.com/singapore/faq25c9.html]
[www.lithan.com/singapore/faq348a.html]
[www.lithan.com/singapore/career-services49ea.html]
[www.lithan.com/singapore/career-services25c9.html]
[www.lithan.com/singapore/career-services348a.html]
[www.lithan.com/singapore/local_events49ea.html]
[www.lithan.com/singapore/local_events25c9.html]
[www.lithan.com/singapore/local_events348a.html]
[www.lithan.com/singapore/facilities49ea.html]
[www.lithan.com/singapore/facilities25c9.html]
[www.lithan.com/singapore/facilities348a.html]
[www.lithan.com/singapore/about49ea.html]
[www.lithan.com/singapore/about25c9.html]
[www.lithan.com/singapore/about348a.html]
[www.lithan.com/singapore/careersatlithan49ea.html]
[www.lithan.com/singapore/careersatlithan25c9.html]
[www.lithan.com/singapore/careersatlithan348a.html]
[www.lithan.com/singapore/press49ea.html]
[www.lithan.com/singapore/press25c9.html]
[www.lithan.com/singapore/press348a.html]
[www.lithan.com/singapore/privacy-policy49ea.html]
[www.lithan.com/singapore/privacy-policy25c9.html]
[www.lithan.com/singapore/privacy-policy348a.html]
[www.lithan.com/singapore/terms-of-use49ea.html]
[www.lithan.com/singapore/terms-of-use25c9.html]
[www.lithan.com/singapore/terms-of-use348a.html]
[www.lithan.com/Lithan-theme/images/aui/picker_bg.html]
[www.lithan.com/Lithan-theme/images/aui/color_indic.html]
[www.lithan.com/Lithan-theme/images/aui/hue.html]
[www.lithan.com/Lithan-theme/images/aui/select.html]
[www.lithan.com/html/css/portal/add_content1436.css]
[www.lithan.com/html/css/portal/asset_category_selector1436.css]
[www.lithan.com/Lithan-theme/images/portlet/edit_guest.png]
[www.lithan.com/Lithan-theme/images/common/date.png]
[www.lithan.com/Lithan-theme/images/common/page.png]
[www.lithan.com/html/css/portal/asset_column1436.css]
[www.lithan.com/html/css/portal/auto_row1436.css]
[www.lithan.com/Lithan-theme/images/device_preview/full_size_off.png]
[www.lithan.com/Lithan-theme/images/device_preview/full_size_active.png]
[www.lithan.com/Lithan-theme/images/device_preview/desktop_off.png]
[www.lithan.com/Lithan-theme/images/device_preview/desktop_active.png]
[www.lithan.com/Lithan-theme/images/device_preview/mobile_off.png]
[www.lithan.com/Lithan-theme/images/device_preview/mobile_horizontal_opacity.png]
[www.lithan.com/Lithan-theme/images/device_preview/mobile_vertical_with_arrow.png]
[www.lithan.com/Lithan-theme/images/device_preview/mobile_horizontal_with_arrow.png]
[www.lithan.com/Lithan-theme/images/device_preview/mobile_vertical_opacity.png]
[www.lithan.com/Lithan-theme/images/device_preview/tablet_off.png]
[www.lithan.com/Lithan-theme/images/device_preview/tablet_horizontal_opacity.png]
[www.lithan.com/Lithan-theme/images/device_preview/tablet_vertical_with_arrow.png]
[www.lithan.com/Lithan-theme/images/device_preview/tablet_horizontal_with_arrow.png]
[www.lithan.com/Lithan-theme/images/device_preview/tablet_vertical_opacity.png]
[www.lithan.com/html/css/portal/device_preview1436.css]
[www.lithan.com/html/css/portal/edit_layout1436.css]
[www.lithan.com/Lithan-theme/images/arrows/04_left.png]
[www.lithan.com/html/css/portal/flyout1436.css]
[www.lithan.com/html/css/portal/forms1436.css]
[www.lithan.com/html/css/portal/generic_portal1436.css]
[www.lithan.com/Lithan-theme/images/common/checkerboard.png]
[www.lithan.com/html/css/portal/generic_portlet1436.css]
[www.lithan.com/Lithan-theme/images/application/loading_indicator.gif]
[www.lithan.com/html/css/portal/header_row1436.css]
[www.lithan.com/html/css/portal/javascript_template1436.css]
[www.lithan.com/html/css/portal/notifications1436.css]
[www.lithan.com/Lithan-theme/images/common/openid.gif]
[www.lithan.com/html/css/portal/openid1436.css]
[www.lithan.com/html/css/portal/page_settings1436.css]
[www.lithan.com/Lithan-theme/images/application/panel_header_toggler_close.png]
[www.lithan.com/Lithan-theme/images/arrows/05_down.png]
[www.lithan.com/Lithan-theme/images/arrows/05_right.png]
[www.lithan.com/Lithan-theme/images/application/panel_header_toggler_open.png]
[www.lithan.com/Lithan-theme/images/application/panel_header.png]
[www.lithan.com/html/css/portal/panel_component1436.css]
[www.lithan.com/html/css/portal/panel_page1436.css]
[www.lithan.com/html/css/portal/pagination1436.css]
[www.lithan.com/Lithan-theme/images/application/current_page_hover_bg.png]
[www.lithan.com/html/css/portal/panel_pagination1436.css]
[www.lithan.com/Lithan-theme/images/application/current_page_bg.png]
[www.lithan.com/html/css/portal/portlet_css_editor1436.css]
[www.lithan.com/Lithan-theme/images/add_content/portlet_item.png]
[www.lithan.com/Lithan-theme/images/add_content/portlet_item_instanceable.png]
[www.lithan.com/Lithan-theme/images/add_content/portlet_item_archived_setup.png]
[www.lithan.com/html/css/portal/portlet_item1436.css]
[www.lithan.com/html/css/portal/position_helper1436.css]
[www.lithan.com/Lithan-theme/images/document_library/preview_left.png]
[www.lithan.com/Lithan-theme/images/document_library/preview_right.png]
[www.lithan.com/Lithan-theme/images/document_library/preview_zoom.png]
[www.lithan.com/html/css/portal/preview1436.css]
[www.lithan.com/html/css/portal/rich_editor1436.css]
[www.lithan.com/html/css/portal/search_combobox1436.css]
[www.lithan.com/html/css/portal/separator1436.css]
[www.lithan.com/html/css/portal/tag_selector1436.css]
[www.lithan.com/html/css/portal/toolbar1436.css]
[www.lithan.com/html/css/portal/translation_manager1436.css]
[www.lithan.com/html/css/portal/tree1436.css]
[www.lithan.com/html/css/portal/undo_manager1436.css]
[www.lithan.com/Lithan-theme/images/common/add.png]
[www.lithan.com/Lithan-theme/images/common/remove.png]
[www.lithan.com/Lithan-theme/images/common/close.png]
[www.lithan.com/Lithan-theme/images/file_system/small/jpg.png]
[www.lithan.com/Lithan-theme/images/portlet/close.png]
[www.lithan.com/html/css/portal/uploader1436.css]
[www.lithan.com/html/css/taglib/app_view_common1436.css]
[www.lithan.com/Lithan-theme/images/common/lock.png]
[www.lithan.com/html/css/taglib/app_view_entry1436.css]
[www.lithan.com/html/css/taglib/app_view_navigation_item1436.css]
[www.lithan.com/html/css/taglib/app_view_search_entry1436.css]
[www.lithan.com/Lithan-theme/images/application/layouts.png]
[www.lithan.com/html/css/taglib/app_view_toolbar1436.css]
[www.lithan.com/html/css/taglib/asset_categories_summary1436.css]
[www.lithan.com/Lithan-theme/images/common/links.png]
[www.lithan.com/html/css/taglib/asset_links1436.css]
[www.lithan.com/html/css/taglib/button1436.css]
[www.lithan.com/Lithan-theme/images/calendar/event_indicator.png]
[www.lithan.com/html/css/taglib/calendar1436.css]
[www.lithan.com/Lithan-theme/images/calendar/event_indicator_current.png]
[www.lithan.com/html/css/taglib/captcha1436.css]
[www.lithan.com/html/css/taglib/categorization_filter1436.css]
[www.lithan.com/html/css/taglib/ddm_template1436.css]
[www.lithan.com/html/css/taglib/diff1436.css]
[www.lithan.com/Lithan-theme/images/diff/minus.png]
[www.lithan.com/Lithan-theme/images/diff/plus.png]
[www.lithan.com/Lithan-theme/images/diff/underline.png]
[www.lithan.com/html/css/taglib/diff_html1436.css]
[www.lithan.com/html/css/taglib/discussion1436.css]
[www.lithan.com/html/css/taglib/flags1436.css]
[www.lithan.com/html/css/taglib/form_navigator1436.css]
[www.lithan.com/html/css/taglib/header1436.css]
[www.lithan.com/html/css/taglib/icon1436.css]
[www.lithan.com/html/css/taglib/icon_help1436.css]
[www.lithan.com/html/css/taglib/icon_list1436.css]
[www.lithan.com/html/css/taglib/icon_menu1436.css]
[www.lithan.com/html/css/taglib/input_localized1436.css]
[www.lithan.com/html/css/taglib/input_move_boxes1436.css]
[www.lithan.com/html/css/taglib/input_repeat1436.css]
[www.lithan.com/html/css/taglib/language1436.css]
[www.lithan.com/html/css/taglib/logo_selector1436.css]
[www.lithan.com/html/css/taglib/navbar1436.css]
[www.lithan.com/html/css/taglib/preview1436.css]
[www.lithan.com/html/css/taglib/ratings1436.css]
[www.lithan.com/html/css/taglib/rss_settings1436.css]
[www.lithan.com/html/css/taglib/search_container1436.css]
[www.lithan.com/html/css/taglib/search_iterator1436.css]
[www.lithan.com/html/css/taglib/search_toggle1436.css]
[www.lithan.com/html/css/taglib/sites_directory1436.css]
[www.lithan.com/html/css/taglib/social_activities1436.css]
[www.lithan.com/html/css/taglib/social_bookmarks1436.css]
[www.lithan.com/Lithan-theme/images/common/tag.png]
[www.lithan.com/html/css/taglib/tags_summary1436.css]
[www.lithan.com/html/css/taglib/trash_common1436.css]
[www.lithan.com/html/css/taglib/user_display1436.css]
[www.lithan.com/html/css/taglib/webdav1436.css]
[www.lithan.com/Lithan-theme/images/common/recent_changes.png]
[www.lithan.com/html/css/taglib/workflow_status1436.css]
[www.lithan.com/Lithan-theme/css/custom_responsive33d7.css]
[www.lithan.com/Lithan-theme/images/common/open_window.png]
[www.lithan.com/Lithan-theme/css/custom_common33d7.css]
[www.lithan.com/Lithan-theme/images/arrows/13_left.png]
[www.lithan.com/Lithan-theme/css/font/fontawesome-webfont93e3.html]
[www.lithan.com/Lithan-theme/css/font/fontawesome-webfont93e3.svg]
[www.lithan.com/Lithan-theme/css/video-js.html]
[www.lithan.com/singapore/welcomee525.html]
[www.lithan.com/singapore/welcomec02a.html]
[www.lithan.com/singapore/welcomeccc3.html]
[www.lithan.com/singapore/welcomeef40.html]
[www.lithan.com/singapore/catalog49ea.html]
[www.lithan.com/singapore/cataloge525.html]
[www.lithan.com/singapore/catalogef40.html]
[www.lithan.com/singapore/catalog25c9.html]
[www.lithan.com/singapore/lithan-enterprises49ea.html]
[www.lithan.com/singapore/lithan-enterprisese525.html]
[www.lithan.com/singapore/lithan-enterprisesef40.html]
[www.lithan.com/singapore/lithan-enterprises25c9.html]
[www.lithan.com/SPProduct-portlet/images/Lithan_product/Active_arrow.png]
[www.lithan.com/SPProduct-portlet/images/Lithan_product/Active_arrow1.png]
[www.lithan.com/SPProduct-portlet/images/Product_create/menuDropDownIcon.png]
[www.lithan.com/SPProduct-portlet/images/Product_create/3dot.png]
[www.lithan.com/SPProduct-portlet/images/Product_create/3dot-hover.png]
[www.lithan.com/SPProduct-portlet/css/Products2d8a.css]
[www.lithan.com/SPProduct-portlet/css/Mobile_product2d8a.css]
[www.lithan.com/singapore/products49ea.html]
[www.lithan.com/singapore/productse525.html]
[www.lithan.com/singapore/productsef40.html]
[www.lithan.com/singapore/products25c9.html]
[www.lithan.com/singapore/testimonials49ea.html]
[www.lithan.com/singapore/testimonialse525.html]
[www.lithan.com/singapore/testimonialsef40.html]
[www.lithan.com/singapore/testimonials25c9.html]
[www.lithan.com/singapore/admissions49ea.html]
[www.lithan.com/singapore/admissionse525.html]
[www.lithan.com/singapore/admissionsef40.html]
[www.lithan.com/singapore/admissions25c9.html]
[www.lithan.com/singapore/faq49ea.html]
[www.lithan.com/singapore/faqe525.html]
[www.lithan.com/singapore/faqef40.html]
[www.lithan.com/singapore/faq25c9.html]
[www.lithan.com/singapore/career-services49ea.html]
[www.lithan.com/singapore/career-servicese525.html]
[www.lithan.com/singapore/career-servicesef40.html]
[www.lithan.com/singapore/career-services25c9.html]
[www.lithan.com/singapore/local_events49ea.html]
[www.lithan.com/singapore/local_eventse525.html]
[www.lithan.com/singapore/local_eventsef40.html]
[www.lithan.com/singapore/local_events25c9.html]
[www.lithan.com/singapore/facilities49ea.html]
[www.lithan.com/singapore/facilitiese525.html]
[www.lithan.com/singapore/facilitiesef40.html]
[www.lithan.com/singapore/facilities25c9.html]
[www.lithan.com/singapore/about49ea.html]
[www.lithan.com/singapore/aboute525.html]
[www.lithan.com/singapore/aboutef40.html]
[www.lithan.com/singapore/about25c9.html]
[www.lithan.com/singapore/careersatlithan49ea.html]
[www.lithan.com/singapore/careersatlithane525.html]
[www.lithan.com/singapore/careersatlithanef40.html]
[www.lithan.com/singapore/careersatlithan25c9.html]
[www.lithan.com/singapore/press49ea.html]
[www.lithan.com/singapore/presse525.html]
[www.lithan.com/singapore/pressef40.html]
[www.lithan.com/singapore/press25c9.html]
[www.lithan.com/singapore/privacy-policy49ea.html]
[www.lithan.com/singapore/privacy-policye525.html]
[www.lithan.com/singapore/privacy-policyef40.html]
[www.lithan.com/singapore/privacy-policy25c9.html]
[www.lithan.com/singapore/terms-of-use49ea.html]
[www.lithan.com/singapore/terms-of-usee525.html]
[www.lithan.com/singapore/terms-of-useef40.html]
[www.lithan.com/singapore/terms-of-use25c9.html]
[www.lithan.com/Lithan-theme/css/custom_responsive33d7.css]
[www.lithan.com/singapore/welcomec02a.html]
[www.lithan.com/singapore/welcome8f12.html]
[www.lithan.com/singapore/welcomeccc3.html]
[www.lithan.com/singapore/cataloge525.html]
[www.lithan.com/singapore/catalogc02a.html]
[www.lithan.com/singapore/catalogccc3.html]
[www.lithan.com/singapore/catalogef40.html]
[www.lithan.com/singapore/lithan-enterprisese525.html]
[www.lithan.com/singapore/lithan-enterprisesc02a.html]
[www.lithan.com/singapore/lithan-enterprisesccc3.html]
[www.lithan.com/singapore/lithan-enterprisesef40.html]
[www.lithan.com/SPProduct-portlet/Product_create/checkbox.html]
[www.lithan.com/SPProduct-portlet/Product_create/radiobutton.html]
[www.lithan.com/SPProduct-portlet/css/images/arrowImg.html]
[www.lithan.com/SPProduct-portlet/Lithan_product/Active_arrow.html]
[www.lithan.com/singapore/productse525.html]
[www.lithan.com/singapore/productsc02a.html]
[www.lithan.com/singapore/productsccc3.html]
[www.lithan.com/singapore/productsef40.html]
[www.lithan.com/singapore/testimonialse525.html]
[www.lithan.com/singapore/testimonialsc02a.html]
[www.lithan.com/singapore/testimonialsccc3.html]
[www.lithan.com/singapore/testimonialsef40.html]
[www.lithan.com/singapore/admissionse525.html]
[www.lithan.com/singapore/admissionsc02a.html]
[www.lithan.com/singapore/admissionsccc3.html]
[www.lithan.com/singapore/admissionsef40.html]
[www.lithan.com/singapore/faqe525.html]
[www.lithan.com/singapore/faqc02a.html]
[www.lithan.com/singapore/faqccc3.html]
[www.lithan.com/singapore/faqef40.html]
[www.lithan.com/singapore/career-servicese525.html]
[www.lithan.com/singapore/career-servicesc02a.html]
[www.lithan.com/singapore/career-servicesccc3.html]
[www.lithan.com/singapore/career-servicesef40.html]
[www.lithan.com/singapore/local_eventse525.html]
[www.lithan.com/singapore/local_eventsc02a.html]
[www.lithan.com/singapore/local_eventsccc3.html]
[www.lithan.com/singapore/local_eventsef40.html]
[www.lithan.com/singapore/facilitiese525.html]
[www.lithan.com/singapore/facilitiesc02a.html]
[www.lithan.com/singapore/facilitiesccc3.html]
[www.lithan.com/singapore/facilitiesef40.html]
[www.lithan.com/singapore/aboute525.html]
[www.lithan.com/singapore/aboutc02a.html]
[www.lithan.com/singapore/aboutccc3.html]
[www.lithan.com/singapore/aboutef40.html]
[www.lithan.com/singapore/careersatlithane525.html]
[www.lithan.com/singapore/careersatlithanc02a.html]
[www.lithan.com/singapore/careersatlithanccc3.html]
[www.lithan.com/singapore/careersatlithanef40.html]
[www.lithan.com/singapore/presse525.html]
[www.lithan.com/singapore/pressc02a.html]
[www.lithan.com/singapore/pressccc3.html]
[www.lithan.com/singapore/pressef40.html]
[www.lithan.com/singapore/privacy-policye525.html]
[www.lithan.com/singapore/privacy-policyc02a.html]
[www.lithan.com/singapore/privacy-policyccc3.html]
[www.lithan.com/singapore/privacy-policyef40.html]
[www.lithan.com/singapore/terms-of-usee525.html]
[www.lithan.com/singapore/terms-of-usec02a.html]
[www.lithan.com/singapore/terms-of-useccc3.html]
[www.lithan.com/singapore/terms-of-useef40.html]
[www.lithan.com/singapore/welcome8f12.html]
[www.lithan.com/singapore/catalogc02a.html]
[www.lithan.com/singapore/catalogccc3.html]
[www.lithan.com/singapore/catalog8f12.html]
[www.lithan.com/singapore/lithan-enterprisesc02a.html]
[www.lithan.com/singapore/lithan-enterprisesccc3.html]
[www.lithan.com/singapore/productsc02a.html]
[www.lithan.com/singapore/lithan-enterprises8f12.html]
[www.lithan.com/singapore/products8f12.html]
[www.lithan.com/singapore/productsccc3.html]
[www.lithan.com/singapore/testimonialsc02a.html]
[www.lithan.com/singapore/testimonialsccc3.html]
[www.lithan.com/singapore/testimonials8f12.html]
[www.lithan.com/singapore/admissionsc02a.html]
[www.lithan.com/singapore/admissionsccc3.html]
[www.lithan.com/singapore/faqc02a.html]
[www.lithan.com/singapore/admissions8f12.html]
[www.lithan.com/singapore/faq8f12.html]
[www.lithan.com/singapore/faqccc3.html]
[www.lithan.com/singapore/career-servicesc02a.html]
[www.lithan.com/singapore/career-services8f12.html]
[www.lithan.com/singapore/career-servicesccc3.html]
[www.lithan.com/singapore/local_eventsc02a.html]
[www.lithan.com/singapore/local_events8f12.html]
[www.lithan.com/singapore/local_eventsccc3.html]
[www.lithan.com/singapore/facilitiesc02a.html]
[www.lithan.com/singapore/facilitiesccc3.html]
[www.lithan.com/singapore/aboutc02a.html]
[www.lithan.com/singapore/facilities8f12.html]
[www.lithan.com/singapore/aboutccc3.html]
[www.lithan.com/singapore/about8f12.html]
[www.lithan.com/singapore/careersatlithanc02a.html]
[www.lithan.com/singapore/careersatlithanccc3.html]
[www.lithan.com/singapore/careersatlithan8f12.html]
[www.lithan.com/singapore/pressc02a.html]
[www.lithan.com/singapore/pressccc3.html]
[www.lithan.com/singapore/press8f12.html]
[www.lithan.com/singapore/privacy-policyc02a.html]
[www.lithan.com/singapore/privacy-policyccc3.html]
[www.lithan.com/singapore/privacy-policy8f12.html]
[www.lithan.com/singapore/terms-of-usec02a.html]
[www.lithan.com/singapore/terms-of-useccc3.html]
[www.lithan.com/singapore/catalog8f12.html]
[www.lithan.com/singapore/terms-of-use8f12.html]
[www.lithan.com/singapore/lithan-enterprises8f12.html]
[www.lithan.com/singapore/products8f12.html]
[www.lithan.com/singapore/testimonials8f12.html]
[www.lithan.com/singapore/admissions8f12.html]
[www.lithan.com/singapore/faq8f12.html]
[www.lithan.com/singapore/career-services8f12.html]
[www.lithan.com/singapore/local_events8f12.html]
[www.lithan.com/singapore/facilities8f12.html]
[www.lithan.com/singapore/about8f12.html]
[www.lithan.com/singapore/careersatlithan8f12.html]
[www.lithan.com/singapore/press8f12.html]
[www.lithan.com/singapore/privacy-policy8f12.html]
[www.lithan.com/singapore/terms-of-use8f12.html]
